Analysis & Synthesis report for project1
Sun Dec 10 20:27:25 2023
Quartus Prime Version 20.1.0 Build 711 06/05/2020 SJ Lite Edition


---------------------
; Table of Contents ;
---------------------
  1. Legal Notice
  2. Analysis & Synthesis Summary
  3. Analysis & Synthesis Settings
  4. Parallel Compilation
  5. Analysis & Synthesis Source Files Read
  6. Analysis & Synthesis Resource Usage Summary
  7. Analysis & Synthesis Resource Utilization by Entity
  8. State Machine - |alu|mod:mamod|mod_fsm_cu:cu|curr_state
  9. Registers Removed During Synthesis
 10. Removed Registers Triggering Further Register Optimizations
 11. General Register Statistics
 12. Multiplexer Restructuring Statistics (Restructuring Performed)
 13. Port Connectivity Checks: "mux_and:res_mod"
 14. Port Connectivity Checks: "mux_and:res_sub"
 15. Port Connectivity Checks: "mux_and:res_add"
 16. Port Connectivity Checks: "mux_and:res_nor"
 17. Port Connectivity Checks: "mux_and:res_xor"
 18. Port Connectivity Checks: "thirtytwo_bit_comp:comparator"
 19. Port Connectivity Checks: "or_32bit:mor|or_16bit:second"
 20. Port Connectivity Checks: "or_32bit:mor|or_16bit:first"
 21. Port Connectivity Checks: "and_32bit:mand|and_16bit:second"
 22. Port Connectivity Checks: "and_32bit:mand|and_16bit:first"
 23. Port Connectivity Checks: "nor_32bit:enor|nor_16bit:second"
 24. Port Connectivity Checks: "nor_32bit:enor|nor_16bit:first"
 25. Port Connectivity Checks: "xor_32bit:exor|xor_16bit:second"
 26. Port Connectivity Checks: "xor_32bit:exor|xor_16bit:first"
 27. Port Connectivity Checks: "carry_look_ahead_32bit:add"
 28. Port Connectivity Checks: "subtractor_32bit:subb|carry_look_ahead_32bit:first"
 29. Port Connectivity Checks: "subtractor_32bit:subb"
 30. Post-Synthesis Netlist Statistics for Top Partition
 31. Elapsed Time Per Partition
 32. Analysis & Synthesis Messages
 33. Analysis & Synthesis Suppressed Messages



----------------
; Legal Notice ;
----------------
Copyright (C) 2020  Intel Corporation. All rights reserved.
Your use of Intel Corporation's design tools, logic functions 
and other software and tools, and any partner logic 
functions, and any output files from any of the foregoing 
(including device programming or simulation files), and any 
associated documentation or information are expressly subject 
to the terms and conditions of the Intel Program License 
Subscription Agreement, the Intel Quartus Prime License Agreement,
the Intel FPGA IP License Agreement, or other applicable license
agreement, including, without limitation, that your use is for
the sole purpose of programming logic devices manufactured by
Intel and sold by Intel or its authorized distributors.  Please
refer to the applicable agreement for further details, at
https://fpgasoftware.intel.com/eula.



+-------------------------------------------------------------------------------+
; Analysis & Synthesis Summary                                                  ;
+---------------------------------+---------------------------------------------+
; Analysis & Synthesis Status     ; Successful - Sun Dec 10 20:27:25 2023       ;
; Quartus Prime Version           ; 20.1.0 Build 711 06/05/2020 SJ Lite Edition ;
; Revision Name                   ; project1                                    ;
; Top-level Entity Name           ; alu                                         ;
; Family                          ; Cyclone V                                   ;
; Logic utilization (in ALMs)     ; N/A                                         ;
; Total registers                 ; 0                                           ;
; Total pins                      ; 102                                         ;
; Total virtual pins              ; 0                                           ;
; Total block memory bits         ; 0                                           ;
; Total DSP Blocks                ; 0                                           ;
; Total HSSI RX PCSs              ; 0                                           ;
; Total HSSI PMA RX Deserializers ; 0                                           ;
; Total HSSI TX PCSs              ; 0                                           ;
; Total HSSI PMA TX Serializers   ; 0                                           ;
; Total PLLs                      ; 0                                           ;
; Total DLLs                      ; 0                                           ;
+---------------------------------+---------------------------------------------+


+---------------------------------------------------------------------------------------------------------------------------+
; Analysis & Synthesis Settings                                                                                             ;
+---------------------------------------------------------------------------------+--------------------+--------------------+
; Option                                                                          ; Setting            ; Default Value      ;
+---------------------------------------------------------------------------------+--------------------+--------------------+
; Device                                                                          ; 5CGTFD9E5F35C7     ;                    ;
; Top-level entity name                                                           ; alu                ; project1           ;
; Family name                                                                     ; Cyclone V          ; Cyclone V          ;
; Use smart compilation                                                           ; Off                ; Off                ;
; Enable parallel Assembler and Timing Analyzer during compilation                ; On                 ; On                 ;
; Enable compact report table                                                     ; Off                ; Off                ;
; Restructure Multiplexers                                                        ; Auto               ; Auto               ;
; MLAB Add Timing Constraints For Mixed-Port Feed-Through Mode Setting Don't Care ; Off                ; Off                ;
; Create Debugging Nodes for IP Cores                                             ; Off                ; Off                ;
; Preserve fewer node names                                                       ; On                 ; On                 ;
; Intel FPGA IP Evaluation Mode                                                   ; Enable             ; Enable             ;
; Verilog Version                                                                 ; Verilog_2001       ; Verilog_2001       ;
; VHDL Version                                                                    ; VHDL_1993          ; VHDL_1993          ;
; State Machine Processing                                                        ; Auto               ; Auto               ;
; Safe State Machine                                                              ; Off                ; Off                ;
; Extract Verilog State Machines                                                  ; On                 ; On                 ;
; Extract VHDL State Machines                                                     ; On                 ; On                 ;
; Ignore Verilog initial constructs                                               ; Off                ; Off                ;
; Iteration limit for constant Verilog loops                                      ; 5000               ; 5000               ;
; Iteration limit for non-constant Verilog loops                                  ; 250                ; 250                ;
; Add Pass-Through Logic to Inferred RAMs                                         ; On                 ; On                 ;
; Infer RAMs from Raw Logic                                                       ; On                 ; On                 ;
; Parallel Synthesis                                                              ; On                 ; On                 ;
; DSP Block Balancing                                                             ; Auto               ; Auto               ;
; NOT Gate Push-Back                                                              ; On                 ; On                 ;
; Power-Up Don't Care                                                             ; On                 ; On                 ;
; Remove Redundant Logic Cells                                                    ; Off                ; Off                ;
; Remove Duplicate Registers                                                      ; On                 ; On                 ;
; Ignore CARRY Buffers                                                            ; Off                ; Off                ;
; Ignore CASCADE Buffers                                                          ; Off                ; Off                ;
; Ignore GLOBAL Buffers                                                           ; Off                ; Off                ;
; Ignore ROW GLOBAL Buffers                                                       ; Off                ; Off                ;
; Ignore LCELL Buffers                                                            ; Off                ; Off                ;
; Ignore SOFT Buffers                                                             ; On                 ; On                 ;
; Limit AHDL Integers to 32 Bits                                                  ; Off                ; Off                ;
; Optimization Technique                                                          ; Balanced           ; Balanced           ;
; Carry Chain Length                                                              ; 70                 ; 70                 ;
; Auto Carry Chains                                                               ; On                 ; On                 ;
; Auto Open-Drain Pins                                                            ; On                 ; On                 ;
; Perform WYSIWYG Primitive Resynthesis                                           ; Off                ; Off                ;
; Auto ROM Replacement                                                            ; On                 ; On                 ;
; Auto RAM Replacement                                                            ; On                 ; On                 ;
; Auto DSP Block Replacement                                                      ; On                 ; On                 ;
; Auto Shift Register Replacement                                                 ; Auto               ; Auto               ;
; Allow Shift Register Merging across Hierarchies                                 ; Auto               ; Auto               ;
; Auto Clock Enable Replacement                                                   ; On                 ; On                 ;
; Strict RAM Replacement                                                          ; Off                ; Off                ;
; Allow Synchronous Control Signals                                               ; On                 ; On                 ;
; Force Use of Synchronous Clear Signals                                          ; Off                ; Off                ;
; Auto Resource Sharing                                                           ; Off                ; Off                ;
; Allow Any RAM Size For Recognition                                              ; Off                ; Off                ;
; Allow Any ROM Size For Recognition                                              ; Off                ; Off                ;
; Allow Any Shift Register Size For Recognition                                   ; Off                ; Off                ;
; Use LogicLock Constraints during Resource Balancing                             ; On                 ; On                 ;
; Ignore translate_off and synthesis_off directives                               ; Off                ; Off                ;
; Timing-Driven Synthesis                                                         ; On                 ; On                 ;
; Report Parameter Settings                                                       ; On                 ; On                 ;
; Report Source Assignments                                                       ; On                 ; On                 ;
; Report Connectivity Checks                                                      ; On                 ; On                 ;
; Ignore Maximum Fan-Out Assignments                                              ; Off                ; Off                ;
; Synchronization Register Chain Length                                           ; 3                  ; 3                  ;
; Power Optimization During Synthesis                                             ; Normal compilation ; Normal compilation ;
; HDL message level                                                               ; Level2             ; Level2             ;
; Suppress Register Optimization Related Messages                                 ; Off                ; Off                ;
; Number of Removed Registers Reported in Synthesis Report                        ; 5000               ; 5000               ;
; Number of Swept Nodes Reported in Synthesis Report                              ; 5000               ; 5000               ;
; Number of Inverted Registers Reported in Synthesis Report                       ; 100                ; 100                ;
; Clock MUX Protection                                                            ; On                 ; On                 ;
; Auto Gated Clock Conversion                                                     ; Off                ; Off                ;
; Block Design Naming                                                             ; Auto               ; Auto               ;
; SDC constraint protection                                                       ; Off                ; Off                ;
; Synthesis Effort                                                                ; Auto               ; Auto               ;
; Shift Register Replacement - Allow Asynchronous Clear Signal                    ; On                 ; On                 ;
; Pre-Mapping Resynthesis Optimization                                            ; Off                ; Off                ;
; Analysis & Synthesis Message Level                                              ; Medium             ; Medium             ;
; Disable Register Merging Across Hierarchies                                     ; Auto               ; Auto               ;
; Resource Aware Inference For Block RAM                                          ; On                 ; On                 ;
; Automatic Parallel Synthesis                                                    ; On                 ; On                 ;
; Partial Reconfiguration Bitstream ID                                            ; Off                ; Off                ;
+---------------------------------------------------------------------------------+--------------------+--------------------+


+------------------------------------------+
; Parallel Compilation                     ;
+----------------------------+-------------+
; Processors                 ; Number      ;
+----------------------------+-------------+
; Number detected on machine ; 8           ;
; Maximum allowed            ; 4           ;
;                            ;             ;
; Average used               ; 1.00        ;
; Maximum used               ; 1           ;
;                            ;             ;
; Usage by Processor         ; % Time Used ;
;     Processor 1            ; 100.0%      ;
+----------------------------+-------------+


+---------------------------------------------------------------------------------------------------------------------------------------------------------+
; Analysis & Synthesis Source Files Read                                                                                                                  ;
+----------------------------------+-----------------+------------------------+-----------------------------------------------------------------+---------+
; File Name with User-Entered Path ; Used in Netlist ; File Type              ; File Name with Absolute Path                                    ; Library ;
+----------------------------------+-----------------+------------------------+-----------------------------------------------------------------+---------+
; deneme1/and_4bit.v               ; yes             ; User Verilog HDL File  ; C:/Users/mstrk/Desktop/deneyis/deneme1/and_4bit.v               ;         ;
; deneme1/and_16bit.v              ; yes             ; User Verilog HDL File  ; C:/Users/mstrk/Desktop/deneyis/deneme1/and_16bit.v              ;         ;
; deneme1/and_32bit.v              ; yes             ; User Verilog HDL File  ; C:/Users/mstrk/Desktop/deneyis/deneme1/and_32bit.v              ;         ;
; deneme1/nor_4bit.v               ; yes             ; User Verilog HDL File  ; C:/Users/mstrk/Desktop/deneyis/deneme1/nor_4bit.v               ;         ;
; deneme1/nor_16bit.v              ; yes             ; User Verilog HDL File  ; C:/Users/mstrk/Desktop/deneyis/deneme1/nor_16bit.v              ;         ;
; deneme1/nor_32bit.v              ; yes             ; User Verilog HDL File  ; C:/Users/mstrk/Desktop/deneyis/deneme1/nor_32bit.v              ;         ;
; deneme1/or_16bit.v               ; yes             ; User Verilog HDL File  ; C:/Users/mstrk/Desktop/deneyis/deneme1/or_16bit.v               ;         ;
; deneme1/or_32bit.v               ; yes             ; User Verilog HDL File  ; C:/Users/mstrk/Desktop/deneyis/deneme1/or_32bit.v               ;         ;
; deneme1/xor_4bit.v               ; yes             ; User Verilog HDL File  ; C:/Users/mstrk/Desktop/deneyis/deneme1/xor_4bit.v               ;         ;
; deneme1/xor_16bit.v              ; yes             ; User Verilog HDL File  ; C:/Users/mstrk/Desktop/deneyis/deneme1/xor_16bit.v              ;         ;
; deneme1/xor_32bit.v              ; yes             ; User Verilog HDL File  ; C:/Users/mstrk/Desktop/deneyis/deneme1/xor_32bit.v              ;         ;
; deneme1/two_bit_comp.v           ; yes             ; User Verilog HDL File  ; C:/Users/mstrk/Desktop/deneyis/deneme1/two_bit_comp.v           ;         ;
; deneme1/four_bit_comp.v          ; yes             ; User Verilog HDL File  ; C:/Users/mstrk/Desktop/deneyis/deneme1/four_bit_comp.v          ;         ;
; deneme1/eight_bit_comp.v         ; yes             ; User Verilog HDL File  ; C:/Users/mstrk/Desktop/deneyis/deneme1/eight_bit_comp.v         ;         ;
; deneme1/sixteen_bit_comp.v       ; yes             ; User Verilog HDL File  ; C:/Users/mstrk/Desktop/deneyis/deneme1/sixteen_bit_comp.v       ;         ;
; deneme1/thirtytwo_bit_comp.v     ; yes             ; User Verilog HDL File  ; C:/Users/mstrk/Desktop/deneyis/deneme1/thirtytwo_bit_comp.v     ;         ;
; deneme1/carry_look_ahead_4bit.v  ; yes             ; User Verilog HDL File  ; C:/Users/mstrk/Desktop/deneyis/deneme1/carry_look_ahead_4bit.v  ;         ;
; deneme1/carry_look_ahead_32bit.v ; yes             ; User Verilog HDL File  ; C:/Users/mstrk/Desktop/deneyis/deneme1/carry_look_ahead_32bit.v ;         ;
; deneme1/subtractor_32bit.v       ; yes             ; User Verilog HDL File  ; C:/Users/mstrk/Desktop/deneyis/deneme1/subtractor_32bit.v       ;         ;
; deneme1/not_32bit.v              ; yes             ; User Verilog HDL File  ; C:/Users/mstrk/Desktop/deneyis/deneme1/not_32bit.v              ;         ;
; deneme1/mod.v                    ; yes             ; User Verilog HDL File  ; C:/Users/mstrk/Desktop/deneyis/deneme1/mod.v                    ;         ;
; deneme1/mod_fsm_cu.v             ; yes             ; User Verilog HDL File  ; C:/Users/mstrk/Desktop/deneyis/deneme1/mod_fsm_cu.v             ;         ;
; deneme1/mod_fsm_dp.v             ; yes             ; User Verilog HDL File  ; C:/Users/mstrk/Desktop/deneyis/deneme1/mod_fsm_dp.v             ;         ;
; deneme1/alu.v                    ; yes             ; User Verilog HDL File  ; C:/Users/mstrk/Desktop/deneyis/deneme1/alu.v                    ;         ;
; deneme1/or_4bit.v                ; yes             ; User Verilog HDL File  ; C:/Users/mstrk/Desktop/deneyis/deneme1/or_4bit.v                ;         ;
; deneme1/mux_and.v                ; yes             ; User Verilog HDL File  ; C:/Users/mstrk/Desktop/deneyis/deneme1/mux_and.v                ;         ;
+----------------------------------+-----------------+------------------------+-----------------------------------------------------------------+---------+


+----------------------------------------------------------------------------------------------------+
; Analysis & Synthesis Resource Usage Summary                                                        ;
+---------------------------------------------+------------------------------------------------------+
; Resource                                    ; Usage                                                ;
+---------------------------------------------+------------------------------------------------------+
; Estimate of Logic utilization (ALMs needed) ; 43                                                   ;
;                                             ;                                                      ;
; Combinational ALUT usage for logic          ; 74                                                   ;
;     -- 7 input functions                    ; 0                                                    ;
;     -- 6 input functions                    ; 12                                                   ;
;     -- 5 input functions                    ; 7                                                    ;
;     -- 4 input functions                    ; 46                                                   ;
;     -- <=3 input functions                  ; 9                                                    ;
;                                             ;                                                      ;
; Dedicated logic registers                   ; 0                                                    ;
;                                             ;                                                      ;
; I/O pins                                    ; 102                                                  ;
;                                             ;                                                      ;
; Total DSP Blocks                            ; 0                                                    ;
;                                             ;                                                      ;
; Maximum fan-out node                        ; or_32bit:first|or_16bit:first|or_4bit:first|out[0]~0 ;
; Maximum fan-out                             ; 32                                                   ;
; Total fan-out                               ; 446                                                  ;
; Average fan-out                             ; 1.60                                                 ;
+---------------------------------------------+------------------------------------------------------+


+----------------------------------------------------------------------------------------------------------------------------------------------------------------------------------------------------------------------------------------------------------------------------------------------------------+
; Analysis & Synthesis Resource Utilization by Entity                                                                                                                                                                                                                                                      ;
+-------------------------------------+---------------------+---------------------------+-------------------+------------+------+--------------+-----------------------------------------------------------------------------------------------------------------------+--------------------+--------------+
; Compilation Hierarchy Node          ; Combinational ALUTs ; Dedicated Logic Registers ; Block Memory Bits ; DSP Blocks ; Pins ; Virtual Pins ; Full Hierarchy Name                                                                                                   ; Entity Name        ; Library Name ;
+-------------------------------------+---------------------+---------------------------+-------------------+------------+------+--------------+-----------------------------------------------------------------------------------------------------------------------+--------------------+--------------+
; |alu                                ; 74 (0)              ; 0 (0)                     ; 0                 ; 0          ; 102  ; 0            ; |alu                                                                                                                  ; alu                ; work         ;
;    |or_32bit:first|                 ; 33 (0)              ; 0 (0)                     ; 0                 ; 0          ; 0    ; 0            ; |alu|or_32bit:first                                                                                                   ; or_32bit           ; work         ;
;       |or_16bit:first|              ; 17 (0)              ; 0 (0)                     ; 0                 ; 0          ; 0    ; 0            ; |alu|or_32bit:first|or_16bit:first                                                                                    ; or_16bit           ; work         ;
;          |or_4bit:first|            ; 5 (5)               ; 0 (0)                     ; 0                 ; 0          ; 0    ; 0            ; |alu|or_32bit:first|or_16bit:first|or_4bit:first                                                                      ; or_4bit            ; work         ;
;          |or_4bit:fourth|           ; 4 (4)               ; 0 (0)                     ; 0                 ; 0          ; 0    ; 0            ; |alu|or_32bit:first|or_16bit:first|or_4bit:fourth                                                                     ; or_4bit            ; work         ;
;          |or_4bit:second|           ; 4 (4)               ; 0 (0)                     ; 0                 ; 0          ; 0    ; 0            ; |alu|or_32bit:first|or_16bit:first|or_4bit:second                                                                     ; or_4bit            ; work         ;
;          |or_4bit:third|            ; 4 (4)               ; 0 (0)                     ; 0                 ; 0          ; 0    ; 0            ; |alu|or_32bit:first|or_16bit:first|or_4bit:third                                                                      ; or_4bit            ; work         ;
;       |or_16bit:second|             ; 16 (0)              ; 0 (0)                     ; 0                 ; 0          ; 0    ; 0            ; |alu|or_32bit:first|or_16bit:second                                                                                   ; or_16bit           ; work         ;
;          |or_4bit:first|            ; 4 (4)               ; 0 (0)                     ; 0                 ; 0          ; 0    ; 0            ; |alu|or_32bit:first|or_16bit:second|or_4bit:first                                                                     ; or_4bit            ; work         ;
;          |or_4bit:fourth|           ; 4 (4)               ; 0 (0)                     ; 0                 ; 0          ; 0    ; 0            ; |alu|or_32bit:first|or_16bit:second|or_4bit:fourth                                                                    ; or_4bit            ; work         ;
;          |or_4bit:second|           ; 4 (4)               ; 0 (0)                     ; 0                 ; 0          ; 0    ; 0            ; |alu|or_32bit:first|or_16bit:second|or_4bit:second                                                                    ; or_4bit            ; work         ;
;          |or_4bit:third|            ; 4 (4)               ; 0 (0)                     ; 0                 ; 0          ; 0    ; 0            ; |alu|or_32bit:first|or_16bit:second|or_4bit:third                                                                     ; or_4bit            ; work         ;
;    |thirtytwo_bit_comp:comparator|  ; 41 (10)             ; 0 (0)                     ; 0                 ; 0          ; 0    ; 0            ; |alu|thirtytwo_bit_comp:comparator                                                                                    ; thirtytwo_bit_comp ; work         ;
;       |sixteen_bit_comp:comp1|      ; 13 (5)              ; 0 (0)                     ; 0                 ; 0          ; 0    ; 0            ; |alu|thirtytwo_bit_comp:comparator|sixteen_bit_comp:comp1                                                             ; sixteen_bit_comp   ; work         ;
;          |eight_bit_comp:comp1|     ; 3 (3)               ; 0 (0)                     ; 0                 ; 0          ; 0    ; 0            ; |alu|thirtytwo_bit_comp:comparator|sixteen_bit_comp:comp1|eight_bit_comp:comp1                                        ; eight_bit_comp     ; work         ;
;          |eight_bit_comp:comp2|     ; 5 (0)               ; 0 (0)                     ; 0                 ; 0          ; 0    ; 0            ; |alu|thirtytwo_bit_comp:comparator|sixteen_bit_comp:comp1|eight_bit_comp:comp2                                        ; eight_bit_comp     ; work         ;
;             |four_bit_comp:comp1|   ; 3 (0)               ; 0 (0)                     ; 0                 ; 0          ; 0    ; 0            ; |alu|thirtytwo_bit_comp:comparator|sixteen_bit_comp:comp1|eight_bit_comp:comp2|four_bit_comp:comp1                    ; four_bit_comp      ; work         ;
;                |two_bit_comp:comp1| ; 2 (2)               ; 0 (0)                     ; 0                 ; 0          ; 0    ; 0            ; |alu|thirtytwo_bit_comp:comparator|sixteen_bit_comp:comp1|eight_bit_comp:comp2|four_bit_comp:comp1|two_bit_comp:comp1 ; two_bit_comp       ; work         ;
;                |two_bit_comp:comp2| ; 1 (1)               ; 0 (0)                     ; 0                 ; 0          ; 0    ; 0            ; |alu|thirtytwo_bit_comp:comparator|sixteen_bit_comp:comp1|eight_bit_comp:comp2|four_bit_comp:comp1|two_bit_comp:comp2 ; two_bit_comp       ; work         ;
;             |four_bit_comp:comp2|   ; 2 (2)               ; 0 (0)                     ; 0                 ; 0          ; 0    ; 0            ; |alu|thirtytwo_bit_comp:comparator|sixteen_bit_comp:comp1|eight_bit_comp:comp2|four_bit_comp:comp2                    ; four_bit_comp      ; work         ;
;       |sixteen_bit_comp:comp2|      ; 18 (5)              ; 0 (0)                     ; 0                 ; 0          ; 0    ; 0            ; |alu|thirtytwo_bit_comp:comparator|sixteen_bit_comp:comp2                                                             ; sixteen_bit_comp   ; work         ;
;          |eight_bit_comp:comp1|     ; 4 (1)               ; 0 (0)                     ; 0                 ; 0          ; 0    ; 0            ; |alu|thirtytwo_bit_comp:comparator|sixteen_bit_comp:comp2|eight_bit_comp:comp1                                        ; eight_bit_comp     ; work         ;
;             |four_bit_comp:comp1|   ; 1 (1)               ; 0 (0)                     ; 0                 ; 0          ; 0    ; 0            ; |alu|thirtytwo_bit_comp:comparator|sixteen_bit_comp:comp2|eight_bit_comp:comp1|four_bit_comp:comp1                    ; four_bit_comp      ; work         ;
;             |four_bit_comp:comp2|   ; 2 (2)               ; 0 (0)                     ; 0                 ; 0          ; 0    ; 0            ; |alu|thirtytwo_bit_comp:comparator|sixteen_bit_comp:comp2|eight_bit_comp:comp1|four_bit_comp:comp2                    ; four_bit_comp      ; work         ;
;          |eight_bit_comp:comp2|     ; 9 (3)               ; 0 (0)                     ; 0                 ; 0          ; 0    ; 0            ; |alu|thirtytwo_bit_comp:comparator|sixteen_bit_comp:comp2|eight_bit_comp:comp2                                        ; eight_bit_comp     ; work         ;
;             |four_bit_comp:comp1|   ; 3 (1)               ; 0 (0)                     ; 0                 ; 0          ; 0    ; 0            ; |alu|thirtytwo_bit_comp:comparator|sixteen_bit_comp:comp2|eight_bit_comp:comp2|four_bit_comp:comp1                    ; four_bit_comp      ; work         ;
;                |two_bit_comp:comp2| ; 2 (2)               ; 0 (0)                     ; 0                 ; 0          ; 0    ; 0            ; |alu|thirtytwo_bit_comp:comparator|sixteen_bit_comp:comp2|eight_bit_comp:comp2|four_bit_comp:comp1|two_bit_comp:comp2 ; two_bit_comp       ; work         ;
;             |four_bit_comp:comp2|   ; 3 (3)               ; 0 (0)                     ; 0                 ; 0          ; 0    ; 0            ; |alu|thirtytwo_bit_comp:comparator|sixteen_bit_comp:comp2|eight_bit_comp:comp2|four_bit_comp:comp2                    ; four_bit_comp      ; work         ;
+-------------------------------------+---------------------+---------------------------+-------------------+------------+------+--------------+-----------------------------------------------------------------------------------------------------------------------+--------------------+--------------+
Note: For table entries with two numbers listed, the numbers in parentheses indicate the number of resources of the given type used by the specific entity alone. The numbers listed outside of parentheses indicate the total resources of the given type used by the specific entity and all of its sub-entities in the hierarchy.


Encoding Type:  One-Hot
+-------------------------------------------------------------------------------------------------------------------------+
; State Machine - |alu|mod:mamod|mod_fsm_cu:cu|curr_state                                                                 ;
+----------------------+-----------------+----------------------+----------------+---------------------+------------------+
; Name                 ; curr_state.COMP ; curr_state.MAKE_ASGN ; curr_state.SUB ; curr_state.ASG_TEMP ; curr_state.FINAL ;
+----------------------+-----------------+----------------------+----------------+---------------------+------------------+
; curr_state.ASG_TEMP  ; 0               ; 0                    ; 0              ; 0                   ; 0                ;
; curr_state.SUB       ; 0               ; 0                    ; 1              ; 1                   ; 0                ;
; curr_state.MAKE_ASGN ; 0               ; 1                    ; 0              ; 1                   ; 0                ;
; curr_state.COMP      ; 1               ; 0                    ; 0              ; 1                   ; 0                ;
; curr_state.FINAL     ; 0               ; 0                    ; 0              ; 1                   ; 1                ;
+----------------------+-----------------+----------------------+----------------+---------------------+------------------+


+-------------------------------------------------------------------+
; Registers Removed During Synthesis                                ;
+----------------------------------------------+--------------------+
; Register name                                ; Reason for Removal ;
+----------------------------------------------+--------------------+
; mod:mamod|mod_fsm_cu:cu|curr_state~2         ; Lost fanout        ;
; mod:mamod|mod_fsm_cu:cu|curr_state~3         ; Lost fanout        ;
; mod:mamod|mod_fsm_dp:dp|lt                   ; Lost fanout        ;
; mod:mamod|mod_fsm_dp:dp|temp[0..31]          ; Lost fanout        ;
; mod:mamod|mod_fsm_dp:dp|res_sub[0..31]       ; Lost fanout        ;
; mod:mamod|mod_fsm_cu:cu|curr_state.FINAL     ; Lost fanout        ;
; mod:mamod|mod_fsm_cu:cu|curr_state.ASG_TEMP  ; Lost fanout        ;
; mod:mamod|mod_fsm_cu:cu|curr_state.SUB       ; Lost fanout        ;
; mod:mamod|mod_fsm_cu:cu|curr_state.MAKE_ASGN ; Lost fanout        ;
; mod:mamod|mod_fsm_cu:cu|curr_state.COMP      ; Lost fanout        ;
; Total Number of Removed Registers = 72       ;                    ;
+----------------------------------------------+--------------------+


+--------------------------------------------------------------------------------------------------------------------------------------+
; Removed Registers Triggering Further Register Optimizations                                                                          ;
+--------------------------------------+--------------------+--------------------------------------------------------------------------+
; Register name                        ; Reason for Removal ; Registers Removed due to This Register                                   ;
+--------------------------------------+--------------------+--------------------------------------------------------------------------+
; mod:mamod|mod_fsm_cu:cu|curr_state~2 ; Lost Fanouts       ; mod:mamod|mod_fsm_dp:dp|lt, mod:mamod|mod_fsm_cu:cu|curr_state.ASG_TEMP, ;
;                                      ;                    ; mod:mamod|mod_fsm_cu:cu|curr_state.MAKE_ASGN,                            ;
;                                      ;                    ; mod:mamod|mod_fsm_cu:cu|curr_state.COMP                                  ;
; mod:mamod|mod_fsm_cu:cu|curr_state~3 ; Lost Fanouts       ; mod:mamod|mod_fsm_cu:cu|curr_state.SUB                                   ;
; mod:mamod|mod_fsm_dp:dp|temp[31]     ; Lost Fanouts       ; mod:mamod|mod_fsm_dp:dp|res_sub[31]                                      ;
; mod:mamod|mod_fsm_dp:dp|temp[30]     ; Lost Fanouts       ; mod:mamod|mod_fsm_dp:dp|res_sub[30]                                      ;
; mod:mamod|mod_fsm_dp:dp|temp[29]     ; Lost Fanouts       ; mod:mamod|mod_fsm_dp:dp|res_sub[29]                                      ;
; mod:mamod|mod_fsm_dp:dp|temp[28]     ; Lost Fanouts       ; mod:mamod|mod_fsm_dp:dp|res_sub[28]                                      ;
; mod:mamod|mod_fsm_dp:dp|temp[27]     ; Lost Fanouts       ; mod:mamod|mod_fsm_dp:dp|res_sub[27]                                      ;
; mod:mamod|mod_fsm_dp:dp|temp[26]     ; Lost Fanouts       ; mod:mamod|mod_fsm_dp:dp|res_sub[26]                                      ;
; mod:mamod|mod_fsm_dp:dp|temp[25]     ; Lost Fanouts       ; mod:mamod|mod_fsm_dp:dp|res_sub[25]                                      ;
; mod:mamod|mod_fsm_dp:dp|temp[24]     ; Lost Fanouts       ; mod:mamod|mod_fsm_dp:dp|res_sub[24]                                      ;
; mod:mamod|mod_fsm_dp:dp|temp[23]     ; Lost Fanouts       ; mod:mamod|mod_fsm_dp:dp|res_sub[23]                                      ;
; mod:mamod|mod_fsm_dp:dp|temp[22]     ; Lost Fanouts       ; mod:mamod|mod_fsm_dp:dp|res_sub[22]                                      ;
; mod:mamod|mod_fsm_dp:dp|temp[21]     ; Lost Fanouts       ; mod:mamod|mod_fsm_dp:dp|res_sub[21]                                      ;
; mod:mamod|mod_fsm_dp:dp|temp[20]     ; Lost Fanouts       ; mod:mamod|mod_fsm_dp:dp|res_sub[20]                                      ;
; mod:mamod|mod_fsm_dp:dp|temp[19]     ; Lost Fanouts       ; mod:mamod|mod_fsm_dp:dp|res_sub[19]                                      ;
; mod:mamod|mod_fsm_dp:dp|temp[18]     ; Lost Fanouts       ; mod:mamod|mod_fsm_dp:dp|res_sub[18]                                      ;
; mod:mamod|mod_fsm_dp:dp|temp[17]     ; Lost Fanouts       ; mod:mamod|mod_fsm_dp:dp|res_sub[17]                                      ;
; mod:mamod|mod_fsm_dp:dp|temp[16]     ; Lost Fanouts       ; mod:mamod|mod_fsm_dp:dp|res_sub[16]                                      ;
; mod:mamod|mod_fsm_dp:dp|temp[15]     ; Lost Fanouts       ; mod:mamod|mod_fsm_dp:dp|res_sub[15]                                      ;
; mod:mamod|mod_fsm_dp:dp|temp[14]     ; Lost Fanouts       ; mod:mamod|mod_fsm_dp:dp|res_sub[14]                                      ;
; mod:mamod|mod_fsm_dp:dp|temp[13]     ; Lost Fanouts       ; mod:mamod|mod_fsm_dp:dp|res_sub[13]                                      ;
; mod:mamod|mod_fsm_dp:dp|temp[12]     ; Lost Fanouts       ; mod:mamod|mod_fsm_dp:dp|res_sub[12]                                      ;
; mod:mamod|mod_fsm_dp:dp|temp[11]     ; Lost Fanouts       ; mod:mamod|mod_fsm_dp:dp|res_sub[11]                                      ;
; mod:mamod|mod_fsm_dp:dp|temp[10]     ; Lost Fanouts       ; mod:mamod|mod_fsm_dp:dp|res_sub[10]                                      ;
; mod:mamod|mod_fsm_dp:dp|temp[9]      ; Lost Fanouts       ; mod:mamod|mod_fsm_dp:dp|res_sub[9]                                       ;
; mod:mamod|mod_fsm_dp:dp|temp[8]      ; Lost Fanouts       ; mod:mamod|mod_fsm_dp:dp|res_sub[8]                                       ;
; mod:mamod|mod_fsm_dp:dp|temp[7]      ; Lost Fanouts       ; mod:mamod|mod_fsm_dp:dp|res_sub[7]                                       ;
; mod:mamod|mod_fsm_dp:dp|temp[6]      ; Lost Fanouts       ; mod:mamod|mod_fsm_dp:dp|res_sub[6]                                       ;
; mod:mamod|mod_fsm_dp:dp|temp[5]      ; Lost Fanouts       ; mod:mamod|mod_fsm_dp:dp|res_sub[5]                                       ;
; mod:mamod|mod_fsm_dp:dp|temp[4]      ; Lost Fanouts       ; mod:mamod|mod_fsm_dp:dp|res_sub[4]                                       ;
; mod:mamod|mod_fsm_dp:dp|temp[3]      ; Lost Fanouts       ; mod:mamod|mod_fsm_dp:dp|res_sub[3]                                       ;
; mod:mamod|mod_fsm_dp:dp|temp[2]      ; Lost Fanouts       ; mod:mamod|mod_fsm_dp:dp|res_sub[2]                                       ;
; mod:mamod|mod_fsm_dp:dp|temp[1]      ; Lost Fanouts       ; mod:mamod|mod_fsm_dp:dp|res_sub[1]                                       ;
; mod:mamod|mod_fsm_dp:dp|temp[0]      ; Lost Fanouts       ; mod:mamod|mod_fsm_dp:dp|res_sub[0]                                       ;
+--------------------------------------+--------------------+--------------------------------------------------------------------------+


+------------------------------------------------------+
; General Register Statistics                          ;
+----------------------------------------------+-------+
; Statistic                                    ; Value ;
+----------------------------------------------+-------+
; Total registers                              ; 0     ;
; Number of registers using Synchronous Clear  ; 0     ;
; Number of registers using Synchronous Load   ; 0     ;
; Number of registers using Asynchronous Clear ; 0     ;
; Number of registers using Asynchronous Load  ; 0     ;
; Number of registers using Clock Enable       ; 0     ;
; Number of registers using Preset             ; 0     ;
+----------------------------------------------+-------+


+-----------------------------------------------------------------------------------------------------------------------------------------------------+
; Multiplexer Restructuring Statistics (Restructuring Performed)                                                                                      ;
+--------------------+-----------+---------------+----------------------+------------------------+------------+---------------------------------------+
; Multiplexer Inputs ; Bus Width ; Baseline Area ; Area if Restructured ; Saving if Restructured ; Registered ; Example Multiplexer Output            ;
+--------------------+-----------+---------------+----------------------+------------------------+------------+---------------------------------------+
; 3:1                ; 32 bits   ; 64 LEs        ; 0 LEs                ; 64 LEs                 ; Yes        ; |alu|mod:mamod|mod_fsm_dp:dp|temp[17] ;
+--------------------+-----------+---------------+----------------------+------------------------+------------+---------------------------------------+


+----------------------------------------------------------------------------------------------------------------+
; Port Connectivity Checks: "mux_and:res_mod"                                                                    ;
+------+--------+----------+-------------------------------------------------------------------------------------+
; Port ; Type   ; Severity ; Details                                                                             ;
+------+--------+----------+-------------------------------------------------------------------------------------+
; res  ; Output ; Info     ; Connected to dangling logic. Logic that only feeds a dangling port will be removed. ;
+------+--------+----------+-------------------------------------------------------------------------------------+


+----------------------------------------------------------------------------------------------------------------+
; Port Connectivity Checks: "mux_and:res_sub"                                                                    ;
+------+--------+----------+-------------------------------------------------------------------------------------+
; Port ; Type   ; Severity ; Details                                                                             ;
+------+--------+----------+-------------------------------------------------------------------------------------+
; res  ; Output ; Info     ; Connected to dangling logic. Logic that only feeds a dangling port will be removed. ;
+------+--------+----------+-------------------------------------------------------------------------------------+


+----------------------------------------------------------------------------------------------------------------+
; Port Connectivity Checks: "mux_and:res_add"                                                                    ;
+------+--------+----------+-------------------------------------------------------------------------------------+
; Port ; Type   ; Severity ; Details                                                                             ;
+------+--------+----------+-------------------------------------------------------------------------------------+
; res  ; Output ; Info     ; Connected to dangling logic. Logic that only feeds a dangling port will be removed. ;
+------+--------+----------+-------------------------------------------------------------------------------------+


+----------------------------------------------------------------------------------------------------------------+
; Port Connectivity Checks: "mux_and:res_nor"                                                                    ;
+------+--------+----------+-------------------------------------------------------------------------------------+
; Port ; Type   ; Severity ; Details                                                                             ;
+------+--------+----------+-------------------------------------------------------------------------------------+
; res  ; Output ; Info     ; Connected to dangling logic. Logic that only feeds a dangling port will be removed. ;
+------+--------+----------+-------------------------------------------------------------------------------------+


+----------------------------------------------------------------------------------------------------------------+
; Port Connectivity Checks: "mux_and:res_xor"                                                                    ;
+------+--------+----------+-------------------------------------------------------------------------------------+
; Port ; Type   ; Severity ; Details                                                                             ;
+------+--------+----------+-------------------------------------------------------------------------------------+
; res  ; Output ; Info     ; Connected to dangling logic. Logic that only feeds a dangling port will be removed. ;
+------+--------+----------+-------------------------------------------------------------------------------------+


+----------------------------------------------------------------------------------------------------------------+
; Port Connectivity Checks: "thirtytwo_bit_comp:comparator"                                                      ;
+------+--------+----------+-------------------------------------------------------------------------------------+
; Port ; Type   ; Severity ; Details                                                                             ;
+------+--------+----------+-------------------------------------------------------------------------------------+
; G    ; Output ; Info     ; Connected to dangling logic. Logic that only feeds a dangling port will be removed. ;
; E    ; Output ; Info     ; Connected to dangling logic. Logic that only feeds a dangling port will be removed. ;
+------+--------+----------+-------------------------------------------------------------------------------------+


+--------------------------------------------------------------------------------------------------------------------------------------------------------------------------+
; Port Connectivity Checks: "or_32bit:mor|or_16bit:second"                                                                                                                 ;
+------+--------+----------+-----------------------------------------------------------------------------------------------------------------------------------------------+
; Port ; Type   ; Severity ; Details                                                                                                                                       ;
+------+--------+----------+-----------------------------------------------------------------------------------------------------------------------------------------------+
; out  ; Output ; Warning  ; Output or bidir port (17 bits) is wider than the port expression (16 bits) it drives; bit(s) "out[16..16]" have no fanouts                    ;
; a    ; Input  ; Warning  ; Input port expression (16 bits) is smaller than the input port (17 bits) it drives.  Extra input bit(s) "a[16..16]" will be connected to GND. ;
; b    ; Input  ; Warning  ; Input port expression (16 bits) is smaller than the input port (17 bits) it drives.  Extra input bit(s) "b[16..16]" will be connected to GND. ;
+------+--------+----------+-----------------------------------------------------------------------------------------------------------------------------------------------+


+--------------------------------------------------------------------------------------------------------------------------------------------------------------------------+
; Port Connectivity Checks: "or_32bit:mor|or_16bit:first"                                                                                                                  ;
+------+--------+----------+-----------------------------------------------------------------------------------------------------------------------------------------------+
; Port ; Type   ; Severity ; Details                                                                                                                                       ;
+------+--------+----------+-----------------------------------------------------------------------------------------------------------------------------------------------+
; out  ; Output ; Warning  ; Output or bidir port (17 bits) is wider than the port expression (16 bits) it drives; bit(s) "out[16..16]" have no fanouts                    ;
; a    ; Input  ; Warning  ; Input port expression (16 bits) is smaller than the input port (17 bits) it drives.  Extra input bit(s) "a[16..16]" will be connected to GND. ;
; b    ; Input  ; Warning  ; Input port expression (16 bits) is smaller than the input port (17 bits) it drives.  Extra input bit(s) "b[16..16]" will be connected to GND. ;
+------+--------+----------+-----------------------------------------------------------------------------------------------------------------------------------------------+


+--------------------------------------------------------------------------------------------------------------------------------------------------------------------------+
; Port Connectivity Checks: "and_32bit:mand|and_16bit:second"                                                                                                              ;
+------+--------+----------+-----------------------------------------------------------------------------------------------------------------------------------------------+
; Port ; Type   ; Severity ; Details                                                                                                                                       ;
+------+--------+----------+-----------------------------------------------------------------------------------------------------------------------------------------------+
; out  ; Output ; Warning  ; Output or bidir port (17 bits) is wider than the port expression (16 bits) it drives; bit(s) "out[16..16]" have no fanouts                    ;
; a    ; Input  ; Warning  ; Input port expression (16 bits) is smaller than the input port (17 bits) it drives.  Extra input bit(s) "a[16..16]" will be connected to GND. ;
; b    ; Input  ; Warning  ; Input port expression (16 bits) is smaller than the input port (17 bits) it drives.  Extra input bit(s) "b[16..16]" will be connected to GND. ;
+------+--------+----------+-----------------------------------------------------------------------------------------------------------------------------------------------+


+--------------------------------------------------------------------------------------------------------------------------------------------------------------------------+
; Port Connectivity Checks: "and_32bit:mand|and_16bit:first"                                                                                                               ;
+------+--------+----------+-----------------------------------------------------------------------------------------------------------------------------------------------+
; Port ; Type   ; Severity ; Details                                                                                                                                       ;
+------+--------+----------+-----------------------------------------------------------------------------------------------------------------------------------------------+
; out  ; Output ; Warning  ; Output or bidir port (17 bits) is wider than the port expression (16 bits) it drives; bit(s) "out[16..16]" have no fanouts                    ;
; a    ; Input  ; Warning  ; Input port expression (16 bits) is smaller than the input port (17 bits) it drives.  Extra input bit(s) "a[16..16]" will be connected to GND. ;
; b    ; Input  ; Warning  ; Input port expression (16 bits) is smaller than the input port (17 bits) it drives.  Extra input bit(s) "b[16..16]" will be connected to GND. ;
+------+--------+----------+-----------------------------------------------------------------------------------------------------------------------------------------------+


+--------------------------------------------------------------------------------------------------------------------------------------------------------------------------+
; Port Connectivity Checks: "nor_32bit:enor|nor_16bit:second"                                                                                                              ;
+------+--------+----------+-----------------------------------------------------------------------------------------------------------------------------------------------+
; Port ; Type   ; Severity ; Details                                                                                                                                       ;
+------+--------+----------+-----------------------------------------------------------------------------------------------------------------------------------------------+
; out  ; Output ; Warning  ; Output or bidir port (17 bits) is wider than the port expression (16 bits) it drives; bit(s) "out[16..16]" have no fanouts                    ;
; a    ; Input  ; Warning  ; Input port expression (16 bits) is smaller than the input port (17 bits) it drives.  Extra input bit(s) "a[16..16]" will be connected to GND. ;
; b    ; Input  ; Warning  ; Input port expression (16 bits) is smaller than the input port (17 bits) it drives.  Extra input bit(s) "b[16..16]" will be connected to GND. ;
+------+--------+----------+-----------------------------------------------------------------------------------------------------------------------------------------------+


+--------------------------------------------------------------------------------------------------------------------------------------------------------------------------+
; Port Connectivity Checks: "nor_32bit:enor|nor_16bit:first"                                                                                                               ;
+------+--------+----------+-----------------------------------------------------------------------------------------------------------------------------------------------+
; Port ; Type   ; Severity ; Details                                                                                                                                       ;
+------+--------+----------+-----------------------------------------------------------------------------------------------------------------------------------------------+
; out  ; Output ; Warning  ; Output or bidir port (17 bits) is wider than the port expression (16 bits) it drives; bit(s) "out[16..16]" have no fanouts                    ;
; a    ; Input  ; Warning  ; Input port expression (16 bits) is smaller than the input port (17 bits) it drives.  Extra input bit(s) "a[16..16]" will be connected to GND. ;
; b    ; Input  ; Warning  ; Input port expression (16 bits) is smaller than the input port (17 bits) it drives.  Extra input bit(s) "b[16..16]" will be connected to GND. ;
+------+--------+----------+-----------------------------------------------------------------------------------------------------------------------------------------------+


+--------------------------------------------------------------------------------------------------------------------------------------------------------------------------+
; Port Connectivity Checks: "xor_32bit:exor|xor_16bit:second"                                                                                                              ;
+------+--------+----------+-----------------------------------------------------------------------------------------------------------------------------------------------+
; Port ; Type   ; Severity ; Details                                                                                                                                       ;
+------+--------+----------+-----------------------------------------------------------------------------------------------------------------------------------------------+
; out  ; Output ; Warning  ; Output or bidir port (17 bits) is wider than the port expression (16 bits) it drives; bit(s) "out[16..16]" have no fanouts                    ;
; a    ; Input  ; Warning  ; Input port expression (16 bits) is smaller than the input port (17 bits) it drives.  Extra input bit(s) "a[16..16]" will be connected to GND. ;
; b    ; Input  ; Warning  ; Input port expression (16 bits) is smaller than the input port (17 bits) it drives.  Extra input bit(s) "b[16..16]" will be connected to GND. ;
+------+--------+----------+-----------------------------------------------------------------------------------------------------------------------------------------------+


+--------------------------------------------------------------------------------------------------------------------------------------------------------------------------+
; Port Connectivity Checks: "xor_32bit:exor|xor_16bit:first"                                                                                                               ;
+------+--------+----------+-----------------------------------------------------------------------------------------------------------------------------------------------+
; Port ; Type   ; Severity ; Details                                                                                                                                       ;
+------+--------+----------+-----------------------------------------------------------------------------------------------------------------------------------------------+
; out  ; Output ; Warning  ; Output or bidir port (17 bits) is wider than the port expression (16 bits) it drives; bit(s) "out[16..16]" have no fanouts                    ;
; a    ; Input  ; Warning  ; Input port expression (16 bits) is smaller than the input port (17 bits) it drives.  Extra input bit(s) "a[16..16]" will be connected to GND. ;
; b    ; Input  ; Warning  ; Input port expression (16 bits) is smaller than the input port (17 bits) it drives.  Extra input bit(s) "b[16..16]" will be connected to GND. ;
+------+--------+----------+-----------------------------------------------------------------------------------------------------------------------------------------------+


+----------------------------------------------------------------------------------------------------------------+
; Port Connectivity Checks: "carry_look_ahead_32bit:add"                                                         ;
+------+--------+----------+-------------------------------------------------------------------------------------+
; Port ; Type   ; Severity ; Details                                                                             ;
+------+--------+----------+-------------------------------------------------------------------------------------+
; cin  ; Input  ; Info     ; Stuck at GND                                                                        ;
; cout ; Output ; Info     ; Connected to dangling logic. Logic that only feeds a dangling port will be removed. ;
+------+--------+----------+-------------------------------------------------------------------------------------+


+----------------------------------------------------------------------------------------------------------------+
; Port Connectivity Checks: "subtractor_32bit:subb|carry_look_ahead_32bit:first"                                 ;
+------+--------+----------+-------------------------------------------------------------------------------------+
; Port ; Type   ; Severity ; Details                                                                             ;
+------+--------+----------+-------------------------------------------------------------------------------------+
; cout ; Output ; Info     ; Connected to dangling logic. Logic that only feeds a dangling port will be removed. ;
+------+--------+----------+-------------------------------------------------------------------------------------+


+---------------------------------------------------+
; Port Connectivity Checks: "subtractor_32bit:subb" ;
+------------+-------+----------+-------------------+
; Port       ; Type  ; Severity ; Details           ;
+------------+-------+----------+-------------------+
; one[31..1] ; Input ; Info     ; Stuck at GND      ;
; one[0]     ; Input ; Info     ; Stuck at VCC      ;
; zero       ; Input ; Info     ; Stuck at GND      ;
+------------+-------+----------+-------------------+


+-----------------------------------------------------+
; Post-Synthesis Netlist Statistics for Top Partition ;
+-----------------------+-----------------------------+
; Type                  ; Count                       ;
+-----------------------+-----------------------------+
; arriav_lcell_comb     ; 74                          ;
;     normal            ; 74                          ;
;         2 data inputs ; 7                           ;
;         3 data inputs ; 2                           ;
;         4 data inputs ; 46                          ;
;         5 data inputs ; 7                           ;
;         6 data inputs ; 12                          ;
; boundary_port         ; 102                         ;
;                       ;                             ;
; Max LUT depth         ; 4.00                        ;
; Average LUT depth     ; 3.34                        ;
+-----------------------+-----------------------------+


+-------------------------------+
; Elapsed Time Per Partition    ;
+----------------+--------------+
; Partition Name ; Elapsed Time ;
+----------------+--------------+
; Top            ; 00:00:00     ;
+----------------+--------------+


+-------------------------------+
; Analysis & Synthesis Messages ;
+-------------------------------+
Info: *******************************************************************
Info: Running Quartus Prime Analysis & Synthesis
    Info: Version 20.1.0 Build 711 06/05/2020 SJ Lite Edition
    Info: Processing started: Sun Dec 10 20:27:14 2023
Info: Command: quartus_map --read_settings_files=on --write_settings_files=off project1 -c project1
Warning (18236): Number of processors has not been specified which may cause overloading on shared machines.  Set the global assignment NUM_PARALLEL_PROCESSORS in your QSF to an appropriate value for best performance.
Info (20030): Parallel compilation is enabled and will use 4 of the 4 processors detected
Info (12021): Found 1 design units, including 1 entities, in source file deneme1/my_testbench.v
    Info (12023): Found entity 1: my_testbench File: C:/Users/mstrk/Desktop/deneyis/deneme1/my_testbench.v Line: 1
Info (12021): Found 1 design units, including 1 entities, in source file deneme1/full_adder.v
    Info (12023): Found entity 1: full_adder File: C:/Users/mstrk/Desktop/deneyis/deneme1/full_adder.v Line: 1
Info (12021): Found 1 design units, including 1 entities, in source file deneme1/full_adder_4bit.v
    Info (12023): Found entity 1: full_adder_4bit File: C:/Users/mstrk/Desktop/deneyis/deneme1/full_adder_4bit.v Line: 1
Info (12021): Found 1 design units, including 1 entities, in source file deneme1/and_4bit.v
    Info (12023): Found entity 1: and_4bit File: C:/Users/mstrk/Desktop/deneyis/deneme1/and_4bit.v Line: 1
Info (12021): Found 1 design units, including 1 entities, in source file deneme1/and_16bit.v
    Info (12023): Found entity 1: and_16bit File: C:/Users/mstrk/Desktop/deneyis/deneme1/and_16bit.v Line: 1
Info (12021): Found 1 design units, including 1 entities, in source file deneme1/and_32bit.v
    Info (12023): Found entity 1: and_32bit File: C:/Users/mstrk/Desktop/deneyis/deneme1/and_32bit.v Line: 1
Info (12021): Found 1 design units, including 1 entities, in source file deneme1/nor_4bit.v
    Info (12023): Found entity 1: nor_4bit File: C:/Users/mstrk/Desktop/deneyis/deneme1/nor_4bit.v Line: 1
Info (12021): Found 1 design units, including 1 entities, in source file deneme1/nor_16bit.v
    Info (12023): Found entity 1: nor_16bit File: C:/Users/mstrk/Desktop/deneyis/deneme1/nor_16bit.v Line: 1
Info (12021): Found 1 design units, including 1 entities, in source file deneme1/nor_32bit.v
    Info (12023): Found entity 1: nor_32bit File: C:/Users/mstrk/Desktop/deneyis/deneme1/nor_32bit.v Line: 1
Info (12021): Found 1 design units, including 1 entities, in source file deneme1/or_16bit.v
    Info (12023): Found entity 1: or_16bit File: C:/Users/mstrk/Desktop/deneyis/deneme1/or_16bit.v Line: 1
Info (12021): Found 1 design units, including 1 entities, in source file deneme1/or_32bit.v
    Info (12023): Found entity 1: or_32bit File: C:/Users/mstrk/Desktop/deneyis/deneme1/or_32bit.v Line: 1
Info (12021): Found 1 design units, including 1 entities, in source file deneme1/xor_4bit.v
    Info (12023): Found entity 1: xor_4bit File: C:/Users/mstrk/Desktop/deneyis/deneme1/xor_4bit.v Line: 1
Info (12021): Found 1 design units, including 1 entities, in source file deneme1/xor_16bit.v
    Info (12023): Found entity 1: xor_16bit File: C:/Users/mstrk/Desktop/deneyis/deneme1/xor_16bit.v Line: 1
Info (12021): Found 1 design units, including 1 entities, in source file deneme1/xor_32bit.v
    Info (12023): Found entity 1: xor_32bit File: C:/Users/mstrk/Desktop/deneyis/deneme1/xor_32bit.v Line: 1
Info (12021): Found 1 design units, including 1 entities, in source file deneme1/two_bit_comp.v
    Info (12023): Found entity 1: two_bit_comp File: C:/Users/mstrk/Desktop/deneyis/deneme1/two_bit_comp.v Line: 1
Info (12021): Found 1 design units, including 1 entities, in source file deneme1/four_bit_comp.v
    Info (12023): Found entity 1: four_bit_comp File: C:/Users/mstrk/Desktop/deneyis/deneme1/four_bit_comp.v Line: 1
Info (12021): Found 1 design units, including 1 entities, in source file deneme1/eight_bit_comp.v
    Info (12023): Found entity 1: eight_bit_comp File: C:/Users/mstrk/Desktop/deneyis/deneme1/eight_bit_comp.v Line: 1
Info (12021): Found 1 design units, including 1 entities, in source file deneme1/sixteen_bit_comp.v
    Info (12023): Found entity 1: sixteen_bit_comp File: C:/Users/mstrk/Desktop/deneyis/deneme1/sixteen_bit_comp.v Line: 1
Info (12021): Found 1 design units, including 1 entities, in source file deneme1/thirtytwo_bit_comp.v
    Info (12023): Found entity 1: thirtytwo_bit_comp File: C:/Users/mstrk/Desktop/deneyis/deneme1/thirtytwo_bit_comp.v Line: 1
Info (12021): Found 1 design units, including 1 entities, in source file deneme1/lessthan32bit.v
    Info (12023): Found entity 1: lessthan32bit File: C:/Users/mstrk/Desktop/deneyis/deneme1/lessthan32bit.v Line: 1
Info (12021): Found 1 design units, including 1 entities, in source file deneme1/carry_look_ahead_4bit.v
    Info (12023): Found entity 1: carry_look_ahead_4bit File: C:/Users/mstrk/Desktop/deneyis/deneme1/carry_look_ahead_4bit.v Line: 1
Info (12021): Found 1 design units, including 1 entities, in source file deneme1/carry_look_ahead_32bit.v
    Info (12023): Found entity 1: carry_look_ahead_32bit File: C:/Users/mstrk/Desktop/deneyis/deneme1/carry_look_ahead_32bit.v Line: 1
Info (12021): Found 1 design units, including 1 entities, in source file deneme1/subtractor_32bit.v
    Info (12023): Found entity 1: subtractor_32bit File: C:/Users/mstrk/Desktop/deneyis/deneme1/subtractor_32bit.v Line: 1
Info (12021): Found 1 design units, including 1 entities, in source file deneme1/not_32bit.v
    Info (12023): Found entity 1: not_32bit File: C:/Users/mstrk/Desktop/deneyis/deneme1/not_32bit.v Line: 1
Info (12021): Found 1 design units, including 1 entities, in source file deneme1/mod.v
    Info (12023): Found entity 1: mod File: C:/Users/mstrk/Desktop/deneyis/deneme1/mod.v Line: 1
Info (12021): Found 1 design units, including 1 entities, in source file deneme1/mod_fsm_cu.v
    Info (12023): Found entity 1: mod_fsm_cu File: C:/Users/mstrk/Desktop/deneyis/deneme1/mod_fsm_cu.v Line: 1
Info (12021): Found 1 design units, including 1 entities, in source file deneme1/mod_fsm_dp.v
    Info (12023): Found entity 1: mod_fsm_dp File: C:/Users/mstrk/Desktop/deneyis/deneme1/mod_fsm_dp.v Line: 1
Info (12021): Found 1 design units, including 1 entities, in source file deneme1/alu.v
    Info (12023): Found entity 1: alu File: C:/Users/mstrk/Desktop/deneyis/deneme1/alu.v Line: 1
Info (12021): Found 1 design units, including 1 entities, in source file deneme1/or_4bit.v
    Info (12023): Found entity 1: or_4bit File: C:/Users/mstrk/Desktop/deneyis/deneme1/or_4bit.v Line: 1
Info (12021): Found 1 design units, including 1 entities, in source file deneme1/mux_and.v
    Info (12023): Found entity 1: mux_and File: C:/Users/mstrk/Desktop/deneyis/deneme1/mux_and.v Line: 1
Warning (10236): Verilog HDL Implicit Net warning at full_adder_4bit.v(2): created implicit net for "c_out_0" File: C:/Users/mstrk/Desktop/deneyis/deneme1/full_adder_4bit.v Line: 2
Warning (10236): Verilog HDL Implicit Net warning at full_adder_4bit.v(3): created implicit net for "c_out_1" File: C:/Users/mstrk/Desktop/deneyis/deneme1/full_adder_4bit.v Line: 3
Warning (10236): Verilog HDL Implicit Net warning at full_adder_4bit.v(4): created implicit net for "c_out_2" File: C:/Users/mstrk/Desktop/deneyis/deneme1/full_adder_4bit.v Line: 4
Warning (10236): Verilog HDL Implicit Net warning at two_bit_comp.v(2): created implicit net for "a0_not" File: C:/Users/mstrk/Desktop/deneyis/deneme1/two_bit_comp.v Line: 2
Warning (10236): Verilog HDL Implicit Net warning at two_bit_comp.v(3): created implicit net for "a1_not" File: C:/Users/mstrk/Desktop/deneyis/deneme1/two_bit_comp.v Line: 3
Warning (10236): Verilog HDL Implicit Net warning at two_bit_comp.v(4): created implicit net for "b0_not" File: C:/Users/mstrk/Desktop/deneyis/deneme1/two_bit_comp.v Line: 4
Warning (10236): Verilog HDL Implicit Net warning at two_bit_comp.v(5): created implicit net for "b1_not" File: C:/Users/mstrk/Desktop/deneyis/deneme1/two_bit_comp.v Line: 5
Warning (10236): Verilog HDL Implicit Net warning at two_bit_comp.v(7): created implicit net for "A1xnorB1" File: C:/Users/mstrk/Desktop/deneyis/deneme1/two_bit_comp.v Line: 7
Warning (10236): Verilog HDL Implicit Net warning at two_bit_comp.v(8): created implicit net for "A0xnorB0" File: C:/Users/mstrk/Desktop/deneyis/deneme1/two_bit_comp.v Line: 8
Warning (10236): Verilog HDL Implicit Net warning at two_bit_comp.v(10): created implicit net for "A1andB1not" File: C:/Users/mstrk/Desktop/deneyis/deneme1/two_bit_comp.v Line: 10
Warning (10236): Verilog HDL Implicit Net warning at two_bit_comp.v(11): created implicit net for "A0andB0not" File: C:/Users/mstrk/Desktop/deneyis/deneme1/two_bit_comp.v Line: 11
Warning (10236): Verilog HDL Implicit Net warning at two_bit_comp.v(12): created implicit net for "A1xnorB1_and_A0andB0not" File: C:/Users/mstrk/Desktop/deneyis/deneme1/two_bit_comp.v Line: 12
Warning (10236): Verilog HDL Implicit Net warning at two_bit_comp.v(15): created implicit net for "A1notandB1" File: C:/Users/mstrk/Desktop/deneyis/deneme1/two_bit_comp.v Line: 15
Warning (10236): Verilog HDL Implicit Net warning at two_bit_comp.v(16): created implicit net for "A0notandB0" File: C:/Users/mstrk/Desktop/deneyis/deneme1/two_bit_comp.v Line: 16
Warning (10236): Verilog HDL Implicit Net warning at two_bit_comp.v(17): created implicit net for "A1xnorB1_and_A0notandB0" File: C:/Users/mstrk/Desktop/deneyis/deneme1/two_bit_comp.v Line: 17
Warning (10236): Verilog HDL Implicit Net warning at four_bit_comp.v(9): created implicit net for "E1andG0" File: C:/Users/mstrk/Desktop/deneyis/deneme1/four_bit_comp.v Line: 9
Warning (10236): Verilog HDL Implicit Net warning at four_bit_comp.v(12): created implicit net for "E1andL0" File: C:/Users/mstrk/Desktop/deneyis/deneme1/four_bit_comp.v Line: 12
Warning (10236): Verilog HDL Implicit Net warning at eight_bit_comp.v(9): created implicit net for "E1andG0" File: C:/Users/mstrk/Desktop/deneyis/deneme1/eight_bit_comp.v Line: 9
Warning (10236): Verilog HDL Implicit Net warning at eight_bit_comp.v(12): created implicit net for "E1andL0" File: C:/Users/mstrk/Desktop/deneyis/deneme1/eight_bit_comp.v Line: 12
Warning (10236): Verilog HDL Implicit Net warning at sixteen_bit_comp.v(9): created implicit net for "E1andG0" File: C:/Users/mstrk/Desktop/deneyis/deneme1/sixteen_bit_comp.v Line: 9
Warning (10236): Verilog HDL Implicit Net warning at sixteen_bit_comp.v(12): created implicit net for "E1andL0" File: C:/Users/mstrk/Desktop/deneyis/deneme1/sixteen_bit_comp.v Line: 12
Warning (10236): Verilog HDL Implicit Net warning at thirtytwo_bit_comp.v(9): created implicit net for "E1andG0" File: C:/Users/mstrk/Desktop/deneyis/deneme1/thirtytwo_bit_comp.v Line: 9
Warning (10236): Verilog HDL Implicit Net warning at thirtytwo_bit_comp.v(12): created implicit net for "E1andL0" File: C:/Users/mstrk/Desktop/deneyis/deneme1/thirtytwo_bit_comp.v Line: 12
Warning (10236): Verilog HDL Implicit Net warning at carry_look_ahead_4bit.v(9): created implicit net for "cin_not" File: C:/Users/mstrk/Desktop/deneyis/deneme1/carry_look_ahead_4bit.v Line: 9
Warning (10236): Verilog HDL Implicit Net warning at carry_look_ahead_4bit.v(12): created implicit net for "P0andCIN" File: C:/Users/mstrk/Desktop/deneyis/deneme1/carry_look_ahead_4bit.v Line: 12
Warning (10236): Verilog HDL Implicit Net warning at carry_look_ahead_4bit.v(15): created implicit net for "P1andP0andC0" File: C:/Users/mstrk/Desktop/deneyis/deneme1/carry_look_ahead_4bit.v Line: 15
Warning (10236): Verilog HDL Implicit Net warning at carry_look_ahead_4bit.v(16): created implicit net for "P1andG0" File: C:/Users/mstrk/Desktop/deneyis/deneme1/carry_look_ahead_4bit.v Line: 16
Warning (10236): Verilog HDL Implicit Net warning at carry_look_ahead_4bit.v(19): created implicit net for "P2andP1andP0andC0" File: C:/Users/mstrk/Desktop/deneyis/deneme1/carry_look_ahead_4bit.v Line: 19
Warning (10236): Verilog HDL Implicit Net warning at carry_look_ahead_4bit.v(20): created implicit net for "P2andP1andG0" File: C:/Users/mstrk/Desktop/deneyis/deneme1/carry_look_ahead_4bit.v Line: 20
Warning (10236): Verilog HDL Implicit Net warning at carry_look_ahead_4bit.v(21): created implicit net for "P2andG1" File: C:/Users/mstrk/Desktop/deneyis/deneme1/carry_look_ahead_4bit.v Line: 21
Warning (10236): Verilog HDL Implicit Net warning at carry_look_ahead_4bit.v(24): created implicit net for "P3andP2andP1andP0andC0" File: C:/Users/mstrk/Desktop/deneyis/deneme1/carry_look_ahead_4bit.v Line: 24
Warning (10236): Verilog HDL Implicit Net warning at carry_look_ahead_4bit.v(25): created implicit net for "p3andP2andP1andG0" File: C:/Users/mstrk/Desktop/deneyis/deneme1/carry_look_ahead_4bit.v Line: 25
Warning (10236): Verilog HDL Implicit Net warning at carry_look_ahead_4bit.v(26): created implicit net for "P3andP2andG1" File: C:/Users/mstrk/Desktop/deneyis/deneme1/carry_look_ahead_4bit.v Line: 26
Warning (10236): Verilog HDL Implicit Net warning at carry_look_ahead_4bit.v(27): created implicit net for "P3andG2" File: C:/Users/mstrk/Desktop/deneyis/deneme1/carry_look_ahead_4bit.v Line: 27
Warning (10236): Verilog HDL Implicit Net warning at mod.v(5): created implicit net for "lt" File: C:/Users/mstrk/Desktop/deneyis/deneme1/mod.v Line: 5
Warning (10236): Verilog HDL Implicit Net warning at alu.v(24): created implicit net for "s1not" File: C:/Users/mstrk/Desktop/deneyis/deneme1/alu.v Line: 24
Warning (10236): Verilog HDL Implicit Net warning at alu.v(25): created implicit net for "s2not" File: C:/Users/mstrk/Desktop/deneyis/deneme1/alu.v Line: 25
Warning (10236): Verilog HDL Implicit Net warning at alu.v(26): created implicit net for "s3not" File: C:/Users/mstrk/Desktop/deneyis/deneme1/alu.v Line: 26
Info (12127): Elaborating entity "alu" for the top level hierarchy
Info (12128): Elaborating entity "subtractor_32bit" for hierarchy "subtractor_32bit:subb" File: C:/Users/mstrk/Desktop/deneyis/deneme1/alu.v Line: 15
Info (12128): Elaborating entity "not_32bit" for hierarchy "subtractor_32bit:subb|not_32bit:bitartik" File: C:/Users/mstrk/Desktop/deneyis/deneme1/subtractor_32bit.v Line: 3
Info (12128): Elaborating entity "carry_look_ahead_32bit" for hierarchy "subtractor_32bit:subb|carry_look_ahead_32bit:first" File: C:/Users/mstrk/Desktop/deneyis/deneme1/subtractor_32bit.v Line: 6
Info (12128): Elaborating entity "carry_look_ahead_4bit" for hierarchy "subtractor_32bit:subb|carry_look_ahead_32bit:first|carry_look_ahead_4bit:cla1" File: C:/Users/mstrk/Desktop/deneyis/deneme1/carry_look_ahead_32bit.v Line: 3
Info (12128): Elaborating entity "xor_4bit" for hierarchy "subtractor_32bit:subb|carry_look_ahead_32bit:first|carry_look_ahead_4bit:cla1|xor_4bit:xor1" File: C:/Users/mstrk/Desktop/deneyis/deneme1/carry_look_ahead_4bit.v Line: 5
Info (12128): Elaborating entity "and_4bit" for hierarchy "subtractor_32bit:subb|carry_look_ahead_32bit:first|carry_look_ahead_4bit:cla1|and_4bit:and1" File: C:/Users/mstrk/Desktop/deneyis/deneme1/carry_look_ahead_4bit.v Line: 6
Info (12128): Elaborating entity "xor_32bit" for hierarchy "xor_32bit:exor" File: C:/Users/mstrk/Desktop/deneyis/deneme1/alu.v Line: 17
Info (12128): Elaborating entity "xor_16bit" for hierarchy "xor_32bit:exor|xor_16bit:first" File: C:/Users/mstrk/Desktop/deneyis/deneme1/xor_32bit.v Line: 2
Warning (10034): Output port "out[16]" at xor_16bit.v(1) has no driver File: C:/Users/mstrk/Desktop/deneyis/deneme1/xor_16bit.v Line: 1
Info (12128): Elaborating entity "nor_32bit" for hierarchy "nor_32bit:enor" File: C:/Users/mstrk/Desktop/deneyis/deneme1/alu.v Line: 18
Info (12128): Elaborating entity "nor_16bit" for hierarchy "nor_32bit:enor|nor_16bit:first" File: C:/Users/mstrk/Desktop/deneyis/deneme1/nor_32bit.v Line: 2
Warning (10034): Output port "out[16]" at nor_16bit.v(1) has no driver File: C:/Users/mstrk/Desktop/deneyis/deneme1/nor_16bit.v Line: 1
Info (12128): Elaborating entity "nor_4bit" for hierarchy "nor_32bit:enor|nor_16bit:first|nor_4bit:first" File: C:/Users/mstrk/Desktop/deneyis/deneme1/nor_16bit.v Line: 2
Info (12128): Elaborating entity "and_32bit" for hierarchy "and_32bit:mand" File: C:/Users/mstrk/Desktop/deneyis/deneme1/alu.v Line: 19
Info (12128): Elaborating entity "and_16bit" for hierarchy "and_32bit:mand|and_16bit:first" File: C:/Users/mstrk/Desktop/deneyis/deneme1/and_32bit.v Line: 2
Warning (10034): Output port "out[16]" at and_16bit.v(1) has no driver File: C:/Users/mstrk/Desktop/deneyis/deneme1/and_16bit.v Line: 1
Info (12128): Elaborating entity "or_32bit" for hierarchy "or_32bit:mor" File: C:/Users/mstrk/Desktop/deneyis/deneme1/alu.v Line: 20
Info (12128): Elaborating entity "or_16bit" for hierarchy "or_32bit:mor|or_16bit:first" File: C:/Users/mstrk/Desktop/deneyis/deneme1/or_32bit.v Line: 2
Warning (10034): Output port "out[16]" at or_16bit.v(1) has no driver File: C:/Users/mstrk/Desktop/deneyis/deneme1/or_16bit.v Line: 1
Info (12128): Elaborating entity "or_4bit" for hierarchy "or_32bit:mor|or_16bit:first|or_4bit:first" File: C:/Users/mstrk/Desktop/deneyis/deneme1/or_16bit.v Line: 2
Info (12128): Elaborating entity "mod" for hierarchy "mod:mamod" File: C:/Users/mstrk/Desktop/deneyis/deneme1/alu.v Line: 21
Info (12128): Elaborating entity "mod_fsm_cu" for hierarchy "mod:mamod|mod_fsm_cu:cu" File: C:/Users/mstrk/Desktop/deneyis/deneme1/mod.v Line: 5
Info (12128): Elaborating entity "mod_fsm_dp" for hierarchy "mod:mamod|mod_fsm_dp:dp" File: C:/Users/mstrk/Desktop/deneyis/deneme1/mod.v Line: 6
Info (12128): Elaborating entity "thirtytwo_bit_comp" for hierarchy "thirtytwo_bit_comp:comparator" File: C:/Users/mstrk/Desktop/deneyis/deneme1/alu.v Line: 22
Info (12128): Elaborating entity "sixteen_bit_comp" for hierarchy "thirtytwo_bit_comp:comparator|sixteen_bit_comp:comp1" File: C:/Users/mstrk/Desktop/deneyis/deneme1/thirtytwo_bit_comp.v Line: 6
Info (12128): Elaborating entity "eight_bit_comp" for hierarchy "thirtytwo_bit_comp:comparator|sixteen_bit_comp:comp1|eight_bit_comp:comp1" File: C:/Users/mstrk/Desktop/deneyis/deneme1/sixteen_bit_comp.v Line: 6
Info (12128): Elaborating entity "four_bit_comp" for hierarchy "thirtytwo_bit_comp:comparator|sixteen_bit_comp:comp1|eight_bit_comp:comp1|four_bit_comp:comp1" File: C:/Users/mstrk/Desktop/deneyis/deneme1/eight_bit_comp.v Line: 6
Info (12128): Elaborating entity "two_bit_comp" for hierarchy "thirtytwo_bit_comp:comparator|sixteen_bit_comp:comp1|eight_bit_comp:comp1|four_bit_comp:comp1|two_bit_comp:comp1" File: C:/Users/mstrk/Desktop/deneyis/deneme1/four_bit_comp.v Line: 6
Info (12128): Elaborating entity "mux_and" for hierarchy "mux_and:res_and" File: C:/Users/mstrk/Desktop/deneyis/deneme1/alu.v Line: 28
Warning (12030): Port "ordered port 0" on the entity instantiation of "second" is connected to a signal of width 16. The formal width of the signal in the module is 17.  The extra bits will be left dangling without any fan-out logic. File: C:/Users/mstrk/Desktop/deneyis/deneme1/or_32bit.v Line: 3
Warning (12010): Port "ordered port 1" on the entity instantiation of "second" is connected to a signal of width 16. The formal width of the signal in the module is 17.  The extra bits will be driven by GND. File: C:/Users/mstrk/Desktop/deneyis/deneme1/or_32bit.v Line: 3
Warning (12010): Port "ordered port 2" on the entity instantiation of "second" is connected to a signal of width 16. The formal width of the signal in the module is 17.  The extra bits will be driven by GND. File: C:/Users/mstrk/Desktop/deneyis/deneme1/or_32bit.v Line: 3
Warning (12030): Port "ordered port 0" on the entity instantiation of "first" is connected to a signal of width 16. The formal width of the signal in the module is 17.  The extra bits will be left dangling without any fan-out logic. File: C:/Users/mstrk/Desktop/deneyis/deneme1/or_32bit.v Line: 2
Warning (12010): Port "ordered port 1" on the entity instantiation of "first" is connected to a signal of width 16. The formal width of the signal in the module is 17.  The extra bits will be driven by GND. File: C:/Users/mstrk/Desktop/deneyis/deneme1/or_32bit.v Line: 2
Warning (12010): Port "ordered port 2" on the entity instantiation of "first" is connected to a signal of width 16. The formal width of the signal in the module is 17.  The extra bits will be driven by GND. File: C:/Users/mstrk/Desktop/deneyis/deneme1/or_32bit.v Line: 2
Warning (12241): 8 hierarchies have connectivity warnings - see the Connectivity Checks report folder
Info (286030): Timing-Driven Synthesis is running
Info (17049): 72 registers lost all their fanouts during netlist optimizations.
Info (144001): Generated suppressed messages file C:/Users/mstrk/Desktop/deneyis/output_files/project1.map.smsg
Info (16010): Generating hard_block partition "hard_block:auto_generated_inst"
    Info (16011): Adding 0 node(s), including 0 DDIO, 0 PLL, 0 transceiver and 0 LCELL
Warning (21074): Design contains 2 input pin(s) that do not drive logic
    Warning (15610): No output dependent on input pin "reset" File: C:/Users/mstrk/Desktop/deneyis/deneme1/alu.v Line: 9
    Warning (15610): No output dependent on input pin "CLK" File: C:/Users/mstrk/Desktop/deneyis/deneme1/alu.v Line: 8
Info (21057): Implemented 176 device resources after synthesis - the final resource count might be different
    Info (21058): Implemented 69 input pins
    Info (21059): Implemented 33 output pins
    Info (21061): Implemented 74 logic cells
Info: Quartus Prime Analysis & Synthesis was successful. 0 errors, 53 warnings
    Info: Peak virtual memory: 4810 megabytes
    Info: Processing ended: Sun Dec 10 20:27:25 2023
    Info: Elapsed time: 00:00:11
    Info: Total CPU time (on all processors): 00:00:16


+------------------------------------------+
; Analysis & Synthesis Suppressed Messages ;
+------------------------------------------+
The suppressed messages can be found in C:/Users/mstrk/Desktop/deneyis/output_files/project1.map.smsg.


